Command line invocation:
    /Applications/Xcode.app/Contents/Developer/usr/bin/xcodebuild build -scheme CBTC_Metro_Simulator -destination platform=macOS,arch=arm64 VALID_ARCHS=arm64 ONLY_ACTIVE_ARCH=YES

Build settings from command line:
    ONLY_ACTIVE_ARCH = YES
    VALID_ARCHS = arm64

2026-02-13 09:07:03.846 xcodebuild[9553:6750679] [MT] IDERunDestination: Supported platforms for the buildables in the current scheme is empty.
ComputePackagePrebuildTargetDependencyGraph

Prepare packages

CreateBuildRequest

SendProjectDescription

CreateBuildOperation

ComputeTargetDependencyGraph
note: Building targets in dependency order
note: Target dependency graph (1 target)
    Target 'CBTC_Metro_Simulator' in project 'CBTC_Metro_Simulator' (no dependencies)

GatherProvisioningInputs

CreateBuildDescription

ExecuteExternalTool /Applications/Xcode.app/Contents/Developer/Toolchains/XcodeDefault.xctoolchain/usr/bin/clang -v -E -dM -isysroot /Applications/Xcode.app/Contents/Developer/Platforms/MacOSX.platform/Developer/SDKs/MacOSX26.2.sdk -x c -c /dev/null

ExecuteExternalTool /Applications/Xcode.app/Contents/Developer/Toolchains/XcodeDefault.xctoolchain/usr/bin/swiftc --version

ExecuteExternalTool /Applications/Xcode.app/Contents/Developer/Toolchains/XcodeDefault.xctoolchain/usr/bin/ld -version_details

Build description signature: 483172f38f1298002728a40c8136d453
Build description path: /Users/dcarmich/Library/Developer/Xcode/DerivedData/CBTC_Metro_Simulator-bbtvsdruyqaoogfqhveudeenvrlb/Build/Intermediates.noindex/XCBuildData/483172f38f1298002728a40c8136d453.xcbuilddata
ProcessProductPackaging "" /Users/dcarmich/Library/Developer/Xcode/DerivedData/CBTC_Metro_Simulator-bbtvsdruyqaoogfqhveudeenvrlb/Build/Intermediates.noindex/CBTC_Metro_Simulator.build/Debug/CBTC_Metro_Simulator.build/CBTC_Metro_Simulator.app.xcent (in target 'CBTC_Metro_Simulator' from project 'CBTC_Metro_Simulator')
    cd /Users/dcarmich/Documents/DC\ Utilities/DC\ CBTC
    
    Entitlements:
    
    {
    "com.apple.security.get-task-allow" = 1;
}
    
    builtin-productPackagingUtility -entitlements -format xml -o /Users/dcarmich/Library/Developer/Xcode/DerivedData/CBTC_Metro_Simulator-bbtvsdruyqaoogfqhveudeenvrlb/Build/Intermediates.noindex/CBTC_Metro_Simulator.build/Debug/CBTC_Metro_Simulator.build/CBTC_Metro_Simulator.app.xcent

ProcessProductPackagingDER /Users/dcarmich/Library/Developer/Xcode/DerivedData/CBTC_Metro_Simulator-bbtvsdruyqaoogfqhveudeenvrlb/Build/Intermediates.noindex/CBTC_Metro_Simulator.build/Debug/CBTC_Metro_Simulator.build/CBTC_Metro_Simulator.app.xcent /Users/dcarmich/Library/Developer/Xcode/DerivedData/CBTC_Metro_Simulator-bbtvsdruyqaoogfqhveudeenvrlb/Build/Intermediates.noindex/CBTC_Metro_Simulator.build/Debug/CBTC_Metro_Simulator.build/CBTC_Metro_Simulator.app.xcent.der (in target 'CBTC_Metro_Simulator' from project 'CBTC_Metro_Simulator')
    cd /Users/dcarmich/Documents/DC\ Utilities/DC\ CBTC
    /usr/bin/derq query -f xml -i /Users/dcarmich/Library/Developer/Xcode/DerivedData/CBTC_Metro_Simulator-bbtvsdruyqaoogfqhveudeenvrlb/Build/Intermediates.noindex/CBTC_Metro_Simulator.build/Debug/CBTC_Metro_Simulator.build/CBTC_Metro_Simulator.app.xcent -o /Users/dcarmich/Library/Developer/Xcode/DerivedData/CBTC_Metro_Simulator-bbtvsdruyqaoogfqhveudeenvrlb/Build/Intermediates.noindex/CBTC_Metro_Simulator.build/Debug/CBTC_Metro_Simulator.build/CBTC_Metro_Simulator.app.xcent.der --raw

ClangStatCache /Applications/Xcode.app/Contents/Developer/Toolchains/XcodeDefault.xctoolchain/usr/bin/clang-stat-cache /Applications/Xcode.app/Contents/Developer/Platforms/MacOSX.platform/Developer/SDKs/MacOSX26.2.sdk /Users/dcarmich/Library/Developer/Xcode/DerivedData/SDKStatCaches.noindex/macosx26.2-25C57-00fa09913b459cbbc988d1f6730289ae.sdkstatcache
    cd /Users/dcarmich/Documents/DC\ Utilities/DC\ CBTC/CBTC_Metro_Simulator.xcodeproj
    /Applications/Xcode.app/Contents/Developer/Toolchains/XcodeDefault.xctoolchain/usr/bin/clang-stat-cache /Applications/Xcode.app/Contents/Developer/Platforms/MacOSX.platform/Developer/SDKs/MacOSX26.2.sdk -o /Users/dcarmich/Library/Developer/Xcode/DerivedData/SDKStatCaches.noindex/macosx26.2-25C57-00fa09913b459cbbc988d1f6730289ae.sdkstatcache

CopySwiftLibs /Users/dcarmich/Library/Developer/Xcode/DerivedData/CBTC_Metro_Simulator-bbtvsdruyqaoogfqhveudeenvrlb/Build/Products/Debug/CBTC_Metro_Simulator.app (in target 'CBTC_Metro_Simulator' from project 'CBTC_Metro_Simulator')
    cd /Users/dcarmich/Documents/DC\ Utilities/DC\ CBTC
    builtin-swiftStdLibTool --copy --verbose --sign - --scan-executable /Users/dcarmich/Library/Developer/Xcode/DerivedData/CBTC_Metro_Simulator-bbtvsdruyqaoogfqhveudeenvrlb/Build/Products/Debug/CBTC_Metro_Simulator.app/Contents/MacOS/CBTC_Metro_Simulator.debug.dylib --scan-folder /Users/dcarmich/Library/Developer/Xcode/DerivedData/CBTC_Metro_Simulator-bbtvsdruyqaoogfqhveudeenvrlb/Build/Products/Debug/CBTC_Metro_Simulator.app/Contents/Frameworks --scan-folder /Users/dcarmich/Library/Developer/Xcode/DerivedData/CBTC_Metro_Simulator-bbtvsdruyqaoogfqhveudeenvrlb/Build/Products/Debug/CBTC_Metro_Simulator.app/Contents/PlugIns --scan-folder /Users/dcarmich/Library/Developer/Xcode/DerivedData/CBTC_Metro_Simulator-bbtvsdruyqaoogfqhveudeenvrlb/Build/Products/Debug/CBTC_Metro_Simulator.app/Contents/Library/SystemExtensions --scan-folder /Users/dcarmich/Library/Developer/Xcode/DerivedData/CBTC_Metro_Simulator-bbtvsdruyqaoogfqhveudeenvrlb/Build/Products/Debug/CBTC_Metro_Simulator.app/Contents/Extensions --platform macosx --toolchain /Applications/Xcode.app/Contents/Developer/Toolchains/XcodeDefault.xctoolchain --destination /Users/dcarmich/Library/Developer/Xcode/DerivedData/CBTC_Metro_Simulator-bbtvsdruyqaoogfqhveudeenvrlb/Build/Products/Debug/CBTC_Metro_Simulator.app/Contents/Frameworks --strip-bitcode --strip-bitcode-tool /Applications/Xcode.app/Contents/Developer/Toolchains/XcodeDefault.xctoolchain/usr/bin/bitcode_strip --emit-dependency-info /Users/dcarmich/Library/Developer/Xcode/DerivedData/CBTC_Metro_Simulator-bbtvsdruyqaoogfqhveudeenvrlb/Build/Intermediates.noindex/CBTC_Metro_Simulator.build/Debug/CBTC_Metro_Simulator.build/SwiftStdLibToolInputDependencies.dep --filter-for-swift-os --back-deploy-swift-span

ProcessInfoPlistFile /Users/dcarmich/Library/Developer/Xcode/DerivedData/CBTC_Metro_Simulator-bbtvsdruyqaoogfqhveudeenvrlb/Build/Products/Debug/CBTC_Metro_Simulator.app/Contents/Info.plist /Users/dcarmich/Library/Developer/Xcode/DerivedData/CBTC_Metro_Simulator-bbtvsdruyqaoogfqhveudeenvrlb/Build/Intermediates.noindex/CBTC_Metro_Simulator.build/Debug/CBTC_Metro_Simulator.build/empty-CBTC_Metro_Simulator.plist (in target 'CBTC_Metro_Simulator' from project 'CBTC_Metro_Simulator')
    cd /Users/dcarmich/Documents/DC\ Utilities/DC\ CBTC
    builtin-infoPlistUtility /Users/dcarmich/Library/Developer/Xcode/DerivedData/CBTC_Metro_Simulator-bbtvsdruyqaoogfqhveudeenvrlb/Build/Intermediates.noindex/CBTC_Metro_Simulator.build/Debug/CBTC_Metro_Simulator.build/empty-CBTC_Metro_Simulator.plist -producttype com.apple.product-type.application -genpkginfo /Users/dcarmich/Library/Developer/Xcode/DerivedData/CBTC_Metro_Simulator-bbtvsdruyqaoogfqhveudeenvrlb/Build/Products/Debug/CBTC_Metro_Simulator.app/Contents/PkgInfo -expandbuildsettings -platform macosx -o /Users/dcarmich/Library/Developer/Xcode/DerivedData/CBTC_Metro_Simulator-bbtvsdruyqaoogfqhveudeenvrlb/Build/Products/Debug/CBTC_Metro_Simulator.app/Contents/Info.plist

CodeSign /Users/dcarmich/Library/Developer/Xcode/DerivedData/CBTC_Metro_Simulator-bbtvsdruyqaoogfqhveudeenvrlb/Build/Products/Debug/CBTC_Metro_Simulator.app (in target 'CBTC_Metro_Simulator' from project 'CBTC_Metro_Simulator')
    cd /Users/dcarmich/Documents/DC\ Utilities/DC\ CBTC
    
    Signing Identity:     "Sign to Run Locally"
    
    /usr/bin/codesign --force --sign - --entitlements /Users/dcarmich/Library/Developer/Xcode/DerivedData/CBTC_Metro_Simulator-bbtvsdruyqaoogfqhveudeenvrlb/Build/Intermediates.noindex/CBTC_Metro_Simulator.build/Debug/CBTC_Metro_Simulator.build/CBTC_Metro_Simulator.app.xcent --timestamp\=none --generate-entitlement-der /Users/dcarmich/Library/Developer/Xcode/DerivedData/CBTC_Metro_Simulator-bbtvsdruyqaoogfqhveudeenvrlb/Build/Products/Debug/CBTC_Metro_Simulator.app
/Users/dcarmich/Library/Developer/Xcode/DerivedData/CBTC_Metro_Simulator-bbtvsdruyqaoogfqhveudeenvrlb/Build/Products/Debug/CBTC_Metro_Simulator.app: replacing existing signature

Validate /Users/dcarmich/Library/Developer/Xcode/DerivedData/CBTC_Metro_Simulator-bbtvsdruyqaoogfqhveudeenvrlb/Build/Products/Debug/CBTC_Metro_Simulator.app (in target 'CBTC_Metro_Simulator' from project 'CBTC_Metro_Simulator')
    cd /Users/dcarmich/Documents/DC\ Utilities/DC\ CBTC
    builtin-validationUtility /Users/dcarmich/Library/Developer/Xcode/DerivedData/CBTC_Metro_Simulator-bbtvsdruyqaoogfqhveudeenvrlb/Build/Products/Debug/CBTC_Metro_Simulator.app -no-validate-extension -infoplist-subpath Contents/Info.plist

RegisterWithLaunchServices /Users/dcarmich/Library/Developer/Xcode/DerivedData/CBTC_Metro_Simulator-bbtvsdruyqaoogfqhveudeenvrlb/Build/Products/Debug/CBTC_Metro_Simulator.app (in target 'CBTC_Metro_Simulator' from project 'CBTC_Metro_Simulator')
    cd /Users/dcarmich/Documents/DC\ Utilities/DC\ CBTC
    /System/Library/Frameworks/CoreServices.framework/Versions/Current/Frameworks/LaunchServices.framework/Versions/Current/Support/lsregister -f -R -trusted /Users/dcarmich/Library/Developer/Xcode/DerivedData/CBTC_Metro_Simulator-bbtvsdruyqaoogfqhveudeenvrlb/Build/Products/Debug/CBTC_Metro_Simulator.app

** BUILD SUCCEEDED **

